test@test-System-Product-Name:~/standalone$ cat /home/test/standalone/spor_logs/spor_test.log
[2026-06-18 14:39:05] ============================================================
[2026-06-18 14:39:05] 第 1/2 轮 - 阶段1：掉电前
[2026-06-18 14:39:05] ============================================================
[2026-06-18 14:39:05] 检查PCIe链路状态...
[2026-06-18 14:39:05] 警告: 无法获取PCIe链路状态
[2026-06-18 14:39:05]
Step 1: 写入pattern11打底 (20G)
[2026-06-18 14:39:05] 写入pattern 0x11...
[2026-06-18 14:39:05] 执行命令: sudo fio --name=write_pattern_11 --filename=/dev/nvme0n1 --rw=write --bs=128k --ioengine=libaio --direct=1 --size=20G --numjobs=4 --iodepth=64 --do_verify=1 --verify_pattern=0x11 --verify=crc32c --group_reporting
[2026-06-18 14:39:58] 写入速度: bw=3229MiB/s (3385MB/s),
[2026-06-18 14:39:58]
Step 2: 验证pattern11
[2026-06-18 14:39:58] 验证pattern 0x11 (offset=0, size=20G, bs=128k)...
[2026-06-18 14:39:58] 执行命令: sudo fio --name=verify_pattern_11 --filename=/dev/nvme0n1 --rw=read --ioengine=libaio --direct=1 --bs=128k --size=20G --numjobs=8 --iodepth=128 --buffer_pattern=0x11 --group_reporting
[2026-06-18 14:40:49] 读取速度: bw=3195MiB/s (3350MB/s),
[2026-06-18 14:40:49]
Step 3: 启动SPOR写入
[2026-06-18 14:40:49] 启动SPOR写入...
[2026-06-18 14:40:49]
Step 4: 等待 5 秒...
[2026-06-18 14:40:54]
Step 5: 触发掉电...
[2026-06-18 14:43:32] ============================================================
[2026-06-18 14:43:32] 第 1/2 轮 - 阶段2：上电后
[2026-06-18 14:43:32] ============================================================
[2026-06-18 14:43:32]
Step 1: 等待SSD初始化...
[2026-06-18 14:43:48] 检查PCIe链路状态...
[2026-06-18 14:43:48] 警告: 无法获取PCIe链路状态
[2026-06-18 14:43:48]
Step 2: 读取写入位置
[2026-06-18 14:43:48] 检测到IO日志文件，共 374286 行，分析最后10行
[2026-06-18 14:43:48] 分析的行:
[2026-06-18 14:43:48]   1: /dev/nvme0n1 write 1533022208 4096
[2026-06-18 14:43:48]   2: /dev/nvme0n1 write 1533026304 4096
[2026-06-18 14:43:48]   3: /dev/nvme0n1 write 1533030400 4096
[2026-06-18 14:43:48]   4: /dev/nvme0n1 write 1533034496 4096
[2026-06-18 14:43:48]   5: /dev/nvme0n1 write 1533038592 4096
[2026-06-18 14:43:48]   6: /dev/nvme0n1 write 1533042688 4096
[2026-06-18 14:43:48]   7: /dev/nvme0n1 write 1533046784 4096
[2026-06-18 14:43:48]   8: /dev/nvme0n1 write 1533050880 4096
[2026-06-18 14:43:48]   9: /dev/nvme0n1 write 1533054976 4096
[2026-06-18 14:43:48]   10: /dev/nvme0n1 write 15
[2026-06-18 14:43:48]   解析: offset=1533022208, size=4096, end_offset=1533026304
[2026-06-18 14:43:48]   解析: offset=1533026304, size=4096, end_offset=1533030400
[2026-06-18 14:43:48]   解析: offset=1533030400, size=4096, end_offset=1533034496
[2026-06-18 14:43:48]   解析: offset=1533034496, size=4096, end_offset=1533038592
[2026-06-18 14:43:48]   解析: offset=1533038592, size=4096, end_offset=1533042688
[2026-06-18 14:43:48]   解析: offset=1533042688, size=4096, end_offset=1533046784
[2026-06-18 14:43:48]   解析: offset=1533046784, size=4096, end_offset=1533050880
[2026-06-18 14:43:48]   解析: offset=1533050880, size=4096, end_offset=1533054976
[2026-06-18 14:43:48]   解析: offset=1533054976, size=4096, end_offset=1533059072
[2026-06-18 14:43:48] 最大写入偏移: 1533059072 字节 (1GB)
[2026-06-18 14:43:48] 读取到写入位置 - LBA 374282
[2026-06-18 14:43:48]
Step 3: 验证前段pattern22
[2026-06-18 14:43:48] 已写入位置 LBA 374282，跳过最后8个LBA，有效验证到 LBA 374274，约 1GB 438MB
[2026-06-18 14:43:48] 验证pattern 0x22 (offset=0, size=1533026304, bs=4096)...
[2026-06-18 14:43:48] 执行命令: sudo fio --name=verify_pattern_22 --filename=/dev/nvme0n1 --rw=read --ioengine=libaio --direct=1 --bs=4096 --size=1533026304 --numjobs=8 --iodepth=128 --buffer_pattern=0x22 --group_reporting
[2026-06-18 14:43:53] ============================================================
[2026-06-18 14:43:53] 第 1/2 轮 - 阶段2：上电后
[2026-06-18 14:43:53] ============================================================
[2026-06-18 14:43:53]
Step 1: 等待SSD初始化...
[2026-06-18 14:43:55] 读取速度: bw=2450MiB/s (2569MB/s),
[2026-06-18 14:43:55]
Step 4: 验证后段pattern11
[2026-06-18 14:43:55] 从LBA 374282（偏移 1533059072 字节）开始验证，约 18GB 585MB
[2026-06-18 14:43:55] 验证pattern 0x11 (offset=1533059072, size=18G, bs=128k)...
[2026-06-18 14:43:55] 执行命令: sudo fio --name=verify_pattern_11 --filename=/dev/nvme0n1 --rw=read --ioengine=libaio --direct=1 --bs=128k --size=18G --numjobs=8 --iodepth=128 --buffer_pattern=0x11 --group_reporting --offset=1533059072
[2026-06-18 14:44:08] 检查PCIe链路状态...
[2026-06-18 14:44:08] 警告: 无法获取PCIe链路状态
[2026-06-18 14:44:08]
Step 2: 读取写入位置
[2026-06-18 14:44:08] 检测到IO日志文件，共 374286 行，分析最后10行
[2026-06-18 14:44:08] 分析的行:
[2026-06-18 14:44:08]   1: /dev/nvme0n1 write 1533022208 4096
[2026-06-18 14:44:08]   2: /dev/nvme0n1 write 1533026304 4096
[2026-06-18 14:44:08]   3: /dev/nvme0n1 write 1533030400 4096
[2026-06-18 14:44:08]   4: /dev/nvme0n1 write 1533034496 4096
[2026-06-18 14:44:08]   5: /dev/nvme0n1 write 1533038592 4096
[2026-06-18 14:44:08]   6: /dev/nvme0n1 write 1533042688 4096
[2026-06-18 14:44:08]   7: /dev/nvme0n1 write 1533046784 4096
[2026-06-18 14:44:08]   8: /dev/nvme0n1 write 1533050880 4096
[2026-06-18 14:44:08]   9: /dev/nvme0n1 write 1533054976 4096
[2026-06-18 14:44:08]   10: /dev/nvme0n1 write 15
[2026-06-18 14:44:08]   解析: offset=1533022208, size=4096, end_offset=1533026304
[2026-06-18 14:44:08]   解析: offset=1533026304, size=4096, end_offset=1533030400
[2026-06-18 14:44:08]   解析: offset=1533030400, size=4096, end_offset=1533034496
[2026-06-18 14:44:08]   解析: offset=1533034496, size=4096, end_offset=1533038592
[2026-06-18 14:44:08]   解析: offset=1533038592, size=4096, end_offset=1533042688
[2026-06-18 14:44:08]   解析: offset=1533042688, size=4096, end_offset=1533046784
[2026-06-18 14:44:08]   解析: offset=1533046784, size=4096, end_offset=1533050880
[2026-06-18 14:44:08]   解析: offset=1533050880, size=4096, end_offset=1533054976
[2026-06-18 14:44:08]   解析: offset=1533054976, size=4096, end_offset=1533059072
[2026-06-18 14:44:08] 最大写入偏移: 1533059072 字节 (1GB)
[2026-06-18 14:44:08] 读取到写入位置 - LBA 374282
[2026-06-18 14:44:08]
Step 3: 验证前段pattern22
[2026-06-18 14:44:08] 已写入位置 LBA 374282，跳过最后8个LBA，有效验证到 LBA 374274，约 1GB 438MB
[2026-06-18 14:44:08] 验证pattern 0x22 (offset=0, size=1533026304, bs=4096)...
[2026-06-18 14:44:08] 执行命令: sudo fio --name=verify_pattern_22 --filename=/dev/nvme0n1 --rw=read --ioengine=libaio --direct=1 --bs=4096 --size=1533026304 --numjobs=8 --iodepth=128 --buffer_pattern=0x22 --group_reporting
[2026-06-18 14:44:42] 读取速度: bw=3175MiB/s (3329MB/s),
[2026-06-18 14:44:42]
本轮结果: ✅ 通过
[2026-06-18 14:44:42] 状态更新: current_cycle=1, total_cycles=2
[2026-06-18 14:44:42]
准备下一轮 (2/2)
